(1,KEY,"array")
(2,KEY,"boolean")
(3,KEY,"else")
(4,KEY,"false")
(5,KEY,"function")
(6,KEY,"if")
(7,KEY,"integer")
(8,KEY,"print")
(9,KEY,"return")
(10,KEY,"true")
(11,KEY,"void")
(12,KEY,"while")
